
===========================================================================
 report_power
============================================================================
======================= nom_typ_1p20V_25C Corner ===================================

Group                    Internal    Switching      Leakage        Total
                            Power        Power        Power        Power (Watts)
------------------------------------------------------------------------
Sequential           6.398400e-04 8.256798e-05 5.668723e-08 7.224647e-04  35.0%
Combinational        4.034091e-04 4.012846e-04 1.690370e-07 8.048627e-04  39.0%
Clock                3.594686e-04 1.756704e-04 4.189062e-07 5.355580e-04  26.0%
Macro                0.000000e+00 0.000000e+00 0.000000e+00 0.000000e+00   0.0%
Pad                  0.000000e+00 0.000000e+00 0.000000e+00 0.000000e+00   0.0%
------------------------------------------------------------------------
Total                1.402718e-03 6.595234e-04 6.446337e-07 2.062887e-03 100.0%
                            68.0%        32.0%         0.0%

