126. Printing statistics.

=== ctrl ===

        +----------Local Count, excluding submodules.
        |        +-Local Area, excluding submodules.
        |        | 
      790        - wires
      839        - wire bits
      131        - public wires
      180        - public wire bits
       10        - ports
       59        - port bits
      825 1.34E+04 cells
        5   63.504   sg13cmos5l_a21o_1
       25    226.8   sg13cmos5l_a21oi_1
        2    29.03   sg13cmos5l_a221oi_1
       17  184.426   sg13cmos5l_a22oi_1
       75    680.4   sg13cmos5l_and2_1
        1   14.515   sg13cmos5l_and4_1
       31  224.986   sg13cmos5l_buf_1
        1    45.36   sg13cmos5l_buf_16
        2   18.144   sg13cmos5l_buf_2
        1   14.515   sg13cmos5l_buf_4
      121 5.93E+03   sg13cmos5l_dfrbpq_1
       10   54.432   sg13cmos5l_inv_1
       91 1.65E+03   sg13cmos5l_mux2_1
        2   39.917   sg13cmos5l_mux2_2
        1   38.102   sg13cmos5l_mux4_1
       78  566.093   sg13cmos5l_nand2_1
        4   36.288   sg13cmos5l_nand2b_1
        1   14.515   sg13cmos5l_nand2b_2
       38  344.736   sg13cmos5l_nand3_1
        4   50.803   sg13cmos5l_nand3b_1
       18  195.955   sg13cmos5l_nand4_1
       31  224.986   sg13cmos5l_nor2_1
       11   99.792   sg13cmos5l_nor2b_1
        4   36.288   sg13cmos5l_nor3_1
       10  108.864   sg13cmos5l_nor4_1
        2   43.546   sg13cmos5l_nor4_2
       25    226.8   sg13cmos5l_o21ai_1
        3   27.216   sg13cmos5l_or2_1
        5   63.504   sg13cmos5l_or3_1
        1   14.515   sg13cmos5l_or4_1
      121   878.17   sg13cmos5l_tiehi
       60  870.912   sg13cmos5l_xnor2_1
       24  348.365   sg13cmos5l_xor2_1

   Chip area for module '\ctrl': 13364.227800
     of which used for sequential elements: 5927.644800 (44.35%)

