118. Printing statistics.

=== ctrl ===

        +----------Local Count, excluding submodules.
        |        +-Local Area, excluding submodules.
        |        | 
      453        - wires
      628        - wire bits
       15        - public wires
      180        - public wire bits
       10        - ports
       59        - port bits
      602 5.93E+03 cells
       49        -   $_ANDNOT_
        4        -   $_AND_
      300        -   $_MUX_
        3        -   $_NAND_
        1        -   $_NOT_
        9        -   $_ORNOT_
       43        -   $_OR_
       29        -   $_XNOR_
       43        -   $_XOR_
      121 5.93E+03   sg13cmos5l_dfrbpq_1

   Area for cell type $_ANDNOT_ is unknown!
   Area for cell type $_AND_ is unknown!
   Area for cell type $_MUX_ is unknown!
   Area for cell type $_NAND_ is unknown!
   Area for cell type $_NOT_ is unknown!
   Area for cell type $_ORNOT_ is unknown!
   Area for cell type $_OR_ is unknown!
   Area for cell type $_XNOR_ is unknown!
   Area for cell type $_XOR_ is unknown!

   Chip area for module '\ctrl': 5927.644800
     of which used for sequential elements: 5927.644800 (100.00%)

