112. Printing statistics.

=== ctrl ===

        +----------Local Count, excluding submodules.
        | 
      217 wires
      392 wire bits
       15 public wires
      180 public wire bits
       10 ports
       59 port bits
      366 cells
       49   $_ANDNOT_
        4   $_AND_
       64   $_MUX_
        3   $_NAND_
        1   $_NOT_
        9   $_ORNOT_
       43   $_OR_
       70   $_SDFFE_PN0P_
       45   $_SDFFE_PN1P_
        6   $_SDFF_PP0_
       29   $_XNOR_
       43   $_XOR_

   Area for cell type $_ANDNOT_ is unknown!
   Area for cell type $_AND_ is unknown!
   Area for cell type $_MUX_ is unknown!
   Area for cell type $_NAND_ is unknown!
   Area for cell type $_NOT_ is unknown!
   Area for cell type $_ORNOT_ is unknown!
   Area for cell type $_OR_ is unknown!
   Area for cell type $_SDFFE_PN0P_ is unknown!
   Area for cell type $_SDFFE_PN1P_ is unknown!
   Area for cell type $_SDFF_PP0_ is unknown!
   Area for cell type $_XNOR_ is unknown!
   Area for cell type $_XOR_ is unknown!

