+ analyze_power_grid -net VPWR -voltage_file /home/dhesse/heichips26_noise_gen/macros/heichips26_digital_project/macros/f_load_binary/flow/librelane/runs/RUN_2026-10-01_22-18-33/56-openroad-irdropreport/net-VPWR.csv
[INFO PSM-0040] All shapes on net VPWR are connected.
########## IR report #################
Net              : VPWR
Corner           : nom_typ_1p20V_25C
Total power      : 1.20e-03 W
Supply voltage   : 1.20e+00 V
Worstcase voltage: 1.20e+00 V
Average voltage  : 1.20e+00 V
Average IR drop  : 6.07e-04 V
Worstcase IR drop: 9.19e-04 V
Percentage drop  : 0.08 %
######################################
+ analyze_power_grid -net VGND -voltage_file /home/dhesse/heichips26_noise_gen/macros/heichips26_digital_project/macros/f_load_binary/flow/librelane/runs/RUN_2026-10-01_22-18-33/56-openroad-irdropreport/net-VGND.csv
[INFO PSM-0040] All shapes on net VGND are connected.
########## IR report #################
Net              : VGND
Corner           : nom_typ_1p20V_25C
Total power      : 1.20e-03 W
Supply voltage   : 0.00e+00 V
Worstcase voltage: 1.00e-03 V
Average voltage  : 5.95e-04 V
Average IR drop  : 5.95e-04 V
Worstcase IR drop: 1.00e-03 V
Percentage drop  : 0.08 %
######################################
