
Cell sg13cmos5l_fill_2 (0) disconnected node: VDD
Cell sg13cmos5l_fill_2 (0) disconnected node: VSS
Cell sg13cmos5l_fill_2 (1) disconnected node: VDD
Cell sg13cmos5l_fill_2 (1) disconnected node: VSS

Subcircuit pins:
Circuit 1: sg13cmos5l_fill_2               |Circuit 2: sg13cmos5l_fill_2               
-------------------------------------------|-------------------------------------------
VDD                                        |VDD                                        
VSS                                        |VSS                                        
---------------------------------------------------------------------------------------
Cell pin lists are equivalent.
Device classes sg13cmos5l_fill_2 and sg13cmos5l_fill_2 are equivalent.

Cell sg13cmos5l_fill_1 (0) disconnected node: VDD
Cell sg13cmos5l_fill_1 (0) disconnected node: VSS
Cell sg13cmos5l_fill_1 (1) disconnected node: VDD
Cell sg13cmos5l_fill_1 (1) disconnected node: VSS

Subcircuit pins:
Circuit 1: sg13cmos5l_fill_1               |Circuit 2: sg13cmos5l_fill_1               
-------------------------------------------|-------------------------------------------
VDD                                        |VDD                                        
VSS                                        |VSS                                        
---------------------------------------------------------------------------------------
Cell pin lists are equivalent.
Device classes sg13cmos5l_fill_1 and sg13cmos5l_fill_1 are equivalent.

Cell sg13cmos5l_dfrbpq_1 (0) disconnected node: Q
Cell sg13cmos5l_dfrbpq_1 (0) disconnected node: CLK
Cell sg13cmos5l_dfrbpq_1 (0) disconnected node: D
Cell sg13cmos5l_dfrbpq_1 (0) disconnected node: RESET_B
Cell sg13cmos5l_dfrbpq_1 (0) disconnected node: VDD
Cell sg13cmos5l_dfrbpq_1 (0) disconnected node: VSS

Subcircuit pins:
Circuit 1: sg13cmos5l_dfrbpq_1             |Circuit 2: sg13cmos5l_dfrbpq_1             
-------------------------------------------|-------------------------------------------
Q                                          |Q                                          
CLK                                        |CLK                                        
D                                          |D                                          
RESET_B                                    |RESET_B                                    
VDD                                        |VDD                                        
VSS                                        |VSS                                        
---------------------------------------------------------------------------------------
Cell pin lists are equivalent.
Device classes sg13cmos5l_dfrbpq_1 and sg13cmos5l_dfrbpq_1 are equivalent.

Cell sg13cmos5l_nor4_2 (0) disconnected node: Y
Cell sg13cmos5l_nor4_2 (0) disconnected node: A
Cell sg13cmos5l_nor4_2 (0) disconnected node: B
Cell sg13cmos5l_nor4_2 (0) disconnected node: C
Cell sg13cmos5l_nor4_2 (0) disconnected node: D
Cell sg13cmos5l_nor4_2 (0) disconnected node: VDD
Cell sg13cmos5l_nor4_2 (0) disconnected node: VSS

Subcircuit pins:
Circuit 1: sg13cmos5l_nor4_2               |Circuit 2: sg13cmos5l_nor4_2               
-------------------------------------------|-------------------------------------------
Y                                          |Y                                          
A                                          |A                                          
B                                          |B                                          
C                                          |C                                          
D                                          |D                                          
VDD                                        |VDD                                        
VSS                                        |VSS                                        
---------------------------------------------------------------------------------------
Cell pin lists are equivalent.
Device classes sg13cmos5l_nor4_2 and sg13cmos5l_nor4_2 are equivalent.

Cell sg13cmos5l_buf_1 (0) disconnected node: X
Cell sg13cmos5l_buf_1 (0) disconnected node: A
Cell sg13cmos5l_buf_1 (0) disconnected node: VDD
Cell sg13cmos5l_buf_1 (0) disconnected node: VSS

Subcircuit pins:
Circuit 1: sg13cmos5l_buf_1                |Circuit 2: sg13cmos5l_buf_1                
-------------------------------------------|-------------------------------------------
X                                          |X                                          
A                                          |A                                          
VDD                                        |VDD                                        
VSS                                        |VSS                                        
---------------------------------------------------------------------------------------
Cell pin lists are equivalent.
Device classes sg13cmos5l_buf_1 and sg13cmos5l_buf_1 are equivalent.

Cell sg13cmos5l_dlygate4sd3_1 (0) disconnected node: X
Cell sg13cmos5l_dlygate4sd3_1 (0) disconnected node: A
Cell sg13cmos5l_dlygate4sd3_1 (0) disconnected node: VDD
Cell sg13cmos5l_dlygate4sd3_1 (0) disconnected node: VSS

Subcircuit pins:
Circuit 1: sg13cmos5l_dlygate4sd3_1        |Circuit 2: sg13cmos5l_dlygate4sd3_1        
-------------------------------------------|-------------------------------------------
X                                          |X                                          
A                                          |A                                          
VDD                                        |VDD                                        
VSS                                        |VSS                                        
---------------------------------------------------------------------------------------
Cell pin lists are equivalent.
Device classes sg13cmos5l_dlygate4sd3_1 and sg13cmos5l_dlygate4sd3_1 are equivalent.

Cell sg13cmos5l_and2_1 (0) disconnected node: X
Cell sg13cmos5l_and2_1 (0) disconnected node: A
Cell sg13cmos5l_and2_1 (0) disconnected node: B
Cell sg13cmos5l_and2_1 (0) disconnected node: VDD
Cell sg13cmos5l_and2_1 (0) disconnected node: VSS

Subcircuit pins:
Circuit 1: sg13cmos5l_and2_1               |Circuit 2: sg13cmos5l_and2_1               
-------------------------------------------|-------------------------------------------
X                                          |X                                          
A                                          |A                                          
B                                          |B                                          
VDD                                        |VDD                                        
VSS                                        |VSS                                        
---------------------------------------------------------------------------------------
Cell pin lists are equivalent.
Device classes sg13cmos5l_and2_1 and sg13cmos5l_and2_1 are equivalent.

Cell sg13cmos5l_buf_8 (0) disconnected node: X
Cell sg13cmos5l_buf_8 (0) disconnected node: A
Cell sg13cmos5l_buf_8 (0) disconnected node: VDD
Cell sg13cmos5l_buf_8 (0) disconnected node: VSS

Subcircuit pins:
Circuit 1: sg13cmos5l_buf_8                |Circuit 2: sg13cmos5l_buf_8                
-------------------------------------------|-------------------------------------------
X                                          |X                                          
A                                          |A                                          
VDD                                        |VDD                                        
VSS                                        |VSS                                        
---------------------------------------------------------------------------------------
Cell pin lists are equivalent.
Device classes sg13cmos5l_buf_8 and sg13cmos5l_buf_8 are equivalent.

Cell sg13cmos5l_decap_8 (0) disconnected node: VDD
Cell sg13cmos5l_decap_8 (0) disconnected node: VSS

Subcircuit pins:
Circuit 1: sg13cmos5l_decap_8              |Circuit 2: sg13cmos5l_decap_8              
-------------------------------------------|-------------------------------------------
VDD                                        |VDD                                        
VSS                                        |VSS                                        
---------------------------------------------------------------------------------------
Cell pin lists are equivalent.
Device classes sg13cmos5l_decap_8 and sg13cmos5l_decap_8 are equivalent.

Cell sg13cmos5l_xnor2_1 (0) disconnected node: Y
Cell sg13cmos5l_xnor2_1 (0) disconnected node: A
Cell sg13cmos5l_xnor2_1 (0) disconnected node: B
Cell sg13cmos5l_xnor2_1 (0) disconnected node: VDD
Cell sg13cmos5l_xnor2_1 (0) disconnected node: VSS

Subcircuit pins:
Circuit 1: sg13cmos5l_xnor2_1              |Circuit 2: sg13cmos5l_xnor2_1              
-------------------------------------------|-------------------------------------------
Y                                          |Y                                          
A                                          |A                                          
B                                          |B                                          
VDD                                        |VDD                                        
VSS                                        |VSS                                        
---------------------------------------------------------------------------------------
Cell pin lists are equivalent.
Device classes sg13cmos5l_xnor2_1 and sg13cmos5l_xnor2_1 are equivalent.

Cell sg13cmos5l_decap_4 (0) disconnected node: VDD
Cell sg13cmos5l_decap_4 (0) disconnected node: VSS

Subcircuit pins:
Circuit 1: sg13cmos5l_decap_4              |Circuit 2: sg13cmos5l_decap_4              
-------------------------------------------|-------------------------------------------
VDD                                        |VDD                                        
VSS                                        |VSS                                        
---------------------------------------------------------------------------------------
Cell pin lists are equivalent.
Device classes sg13cmos5l_decap_4 and sg13cmos5l_decap_4 are equivalent.

Cell sg13cmos5l_buf_2 (0) disconnected node: X
Cell sg13cmos5l_buf_2 (0) disconnected node: A
Cell sg13cmos5l_buf_2 (0) disconnected node: VDD
Cell sg13cmos5l_buf_2 (0) disconnected node: VSS

Subcircuit pins:
Circuit 1: sg13cmos5l_buf_2                |Circuit 2: sg13cmos5l_buf_2                
-------------------------------------------|-------------------------------------------
X                                          |X                                          
A                                          |A                                          
VDD                                        |VDD                                        
VSS                                        |VSS                                        
---------------------------------------------------------------------------------------
Cell pin lists are equivalent.
Device classes sg13cmos5l_buf_2 and sg13cmos5l_buf_2 are equivalent.

Cell sg13cmos5l_xor2_1 (0) disconnected node: X
Cell sg13cmos5l_xor2_1 (0) disconnected node: A
Cell sg13cmos5l_xor2_1 (0) disconnected node: B
Cell sg13cmos5l_xor2_1 (0) disconnected node: VDD
Cell sg13cmos5l_xor2_1 (0) disconnected node: VSS

Subcircuit pins:
Circuit 1: sg13cmos5l_xor2_1               |Circuit 2: sg13cmos5l_xor2_1               
-------------------------------------------|-------------------------------------------
X                                          |X                                          
A                                          |A                                          
B                                          |B                                          
VDD                                        |VDD                                        
VSS                                        |VSS                                        
---------------------------------------------------------------------------------------
Cell pin lists are equivalent.
Device classes sg13cmos5l_xor2_1 and sg13cmos5l_xor2_1 are equivalent.

Cell sg13cmos5l_nand3_1 (0) disconnected node: Y
Cell sg13cmos5l_nand3_1 (0) disconnected node: A
Cell sg13cmos5l_nand3_1 (0) disconnected node: B
Cell sg13cmos5l_nand3_1 (0) disconnected node: C
Cell sg13cmos5l_nand3_1 (0) disconnected node: VDD
Cell sg13cmos5l_nand3_1 (0) disconnected node: VSS

Subcircuit pins:
Circuit 1: sg13cmos5l_nand3_1              |Circuit 2: sg13cmos5l_nand3_1              
-------------------------------------------|-------------------------------------------
Y                                          |Y                                          
A                                          |A                                          
B                                          |B                                          
C                                          |C                                          
VDD                                        |VDD                                        
VSS                                        |VSS                                        
---------------------------------------------------------------------------------------
Cell pin lists are equivalent.
Device classes sg13cmos5l_nand3_1 and sg13cmos5l_nand3_1 are equivalent.

Cell sg13cmos5l_nor3_1 (0) disconnected node: Y
Cell sg13cmos5l_nor3_1 (0) disconnected node: A
Cell sg13cmos5l_nor3_1 (0) disconnected node: B
Cell sg13cmos5l_nor3_1 (0) disconnected node: C
Cell sg13cmos5l_nor3_1 (0) disconnected node: VDD
Cell sg13cmos5l_nor3_1 (0) disconnected node: VSS

Subcircuit pins:
Circuit 1: sg13cmos5l_nor3_1               |Circuit 2: sg13cmos5l_nor3_1               
-------------------------------------------|-------------------------------------------
Y                                          |Y                                          
A                                          |A                                          
B                                          |B                                          
C                                          |C                                          
VDD                                        |VDD                                        
VSS                                        |VSS                                        
---------------------------------------------------------------------------------------
Cell pin lists are equivalent.
Device classes sg13cmos5l_nor3_1 and sg13cmos5l_nor3_1 are equivalent.

Class f_load_binary (0):  Merged 149 parallel devices.
Class f_load_binary (1):  Merged 149 parallel devices.
Subcircuit summary:
Circuit 1: f_load_binary                   |Circuit 2: f_load_binary                   
-------------------------------------------|-------------------------------------------
sg13cmos5l_fill_2 (55->1)                  |sg13cmos5l_fill_2 (55->1)                  
sg13cmos5l_fill_1 (54->1)                  |sg13cmos5l_fill_1 (54->1)                  
sg13cmos5l_dfrbpq_1 (60)                   |sg13cmos5l_dfrbpq_1 (60)                   
sg13cmos5l_nor4_2 (10)                     |sg13cmos5l_nor4_2 (10)                     
sg13cmos5l_buf_1 (15)                      |sg13cmos5l_buf_1 (15)                      
sg13cmos5l_dlygate4sd3_1 (60)              |sg13cmos5l_dlygate4sd3_1 (60)              
sg13cmos5l_and2_1 (5)                      |sg13cmos5l_and2_1 (5)                      
sg13cmos5l_buf_8 (18)                      |sg13cmos5l_buf_8 (18)                      
sg13cmos5l_decap_8 (34->1)                 |sg13cmos5l_decap_8 (34->1)                 
sg13cmos5l_xnor2_1 (15)                    |sg13cmos5l_xnor2_1 (15)                    
sg13cmos5l_decap_4 (10->1)                 |sg13cmos5l_decap_4 (10->1)                 
sg13cmos5l_buf_2 (1)                       |sg13cmos5l_buf_2 (1)                       
sg13cmos5l_xor2_1 (5)                      |sg13cmos5l_xor2_1 (5)                      
sg13cmos5l_nand3_1 (5)                     |sg13cmos5l_nand3_1 (5)                     
sg13cmos5l_nor3_1 (5)                      |sg13cmos5l_nor3_1 (5)                      
Number of devices: 203                     |Number of devices: 203                     
Number of nets: 207                        |Number of nets: 207                        
---------------------------------------------------------------------------------------
Netlists match uniquely.

Subcircuit pins:
Circuit 1: f_load_binary                   |Circuit 2: f_load_binary                   
-------------------------------------------|-------------------------------------------
osc                                        |osc                                        
en[0]                                      |en[0]                                      
en[4]                                      |en[4]                                      
en[3]                                      |en[3]                                      
en[2]                                      |en[2]                                      
en[1]                                      |en[1]                                      
VPWR                                       |VPWR                                       
VGND                                       |VGND                                       
---------------------------------------------------------------------------------------
Cell pin lists are equivalent.
Device classes f_load_binary and f_load_binary are equivalent.

Final result: Circuits match uniquely.
.
