
===========================================================================
 report_power
============================================================================
======================= nom_slow_1p08V_125C Corner ===================================

Group                    Internal    Switching      Leakage        Total
                            Power        Power        Power        Power (Watts)
------------------------------------------------------------------------
Sequential           5.466767e-04 0.000000e+00 1.435849e-07 5.468203e-04  57.3%
Combinational        2.832975e-06 1.291705e-05 1.439473e-07 1.589397e-05   1.7%
Clock                2.667801e-04 1.245139e-04 7.885097e-08 3.913728e-04  41.0%
Macro                0.000000e+00 0.000000e+00 0.000000e+00 0.000000e+00   0.0%
Pad                  0.000000e+00 0.000000e+00 0.000000e+00 0.000000e+00   0.0%
------------------------------------------------------------------------
Total                8.162897e-04 1.374310e-04 3.663829e-07 9.540871e-04 100.0%
                            85.6%        14.4%         0.0%

