
===========================================================================
 report_power
============================================================================
======================= nom_typ_1p20V_25C Corner ===================================

Group                    Internal    Switching      Leakage        Total
                            Power        Power        Power        Power (Watts)
------------------------------------------------------------------------
Sequential           6.773623e-04 0.000000e+00 3.024331e-08 6.773926e-04  56.5%
Combinational        3.560102e-06 1.721498e-05 3.289420e-08 2.080797e-05   1.7%
Clock                3.394546e-04 1.616352e-04 4.492352e-08 5.011348e-04  41.8%
Macro                0.000000e+00 0.000000e+00 0.000000e+00 0.000000e+00   0.0%
Pad                  0.000000e+00 0.000000e+00 0.000000e+00 0.000000e+00   0.0%
------------------------------------------------------------------------
Total                1.020377e-03 1.788502e-04 1.080611e-07 1.199335e-03 100.0%
                            85.1%        14.9%         0.0%

