
===========================================================================
 report_power
============================================================================
======================= nom_fast_1p32V_m40C Corner ===================================

Group                    Internal    Switching      Leakage        Total
                            Power        Power        Power        Power (Watts)
------------------------------------------------------------------------
Sequential           8.236014e-04 0.000000e+00 6.214116e-08 8.236635e-04  55.4%
Combinational        4.419520e-06 2.182331e-05 7.861975e-08 2.632145e-05   1.8%
Clock                4.284689e-04 2.077023e-04 1.412444e-07 6.363125e-04  42.8%
Macro                0.000000e+00 0.000000e+00 0.000000e+00 0.000000e+00   0.0%
Pad                  0.000000e+00 0.000000e+00 0.000000e+00 0.000000e+00   0.0%
------------------------------------------------------------------------
Total                1.256490e-03 2.295256e-04 2.820056e-07 1.486297e-03 100.0%
                            84.5%        15.4%         0.0%

