103. Printing statistics.

=== f_load_binary ===

        +----------Local Count, excluding submodules.
        |        +-Local Area, excluding submodules.
        |        | 
      107        - wires
      111        - wire bits
       72        - public wires
       76        - public wire bits
        2        - ports
        6        - port bits
      105  3583.44 cells
        5    45.36   sg13cmos5l_and2_1
       60 2.94E+03   sg13cmos5l_dfrbpq_1
        5    45.36   sg13cmos5l_nand3_1
        5    45.36   sg13cmos5l_nor3_1
       10  217.728   sg13cmos5l_nor4_2
       15  217.728   sg13cmos5l_xnor2_1
        5   72.576   sg13cmos5l_xor2_1

   Chip area for module '\f_load_binary': 3583.440000
     of which used for sequential elements: 2939.328000 (82.03%)

