95. Printing statistics.

=== f_load_binary ===

        +----------Local Count, excluding submodules.
        |        +-Local Area, excluding submodules.
        |        | 
       82        - wires
      141        - wire bits
       17        - public wires
       76        - public wire bits
        2        - ports
        6        - port bits
      135 2.94E+03 cells
       15        -   $_ANDNOT_
        5        -   $_AND_
        5        -   $_NOR_
       30        -   $_OR_
       10        -   $_XNOR_
       10        -   $_XOR_
       60 2.94E+03   sg13cmos5l_dfrbpq_1

   Area for cell type $_ANDNOT_ is unknown!
   Area for cell type $_AND_ is unknown!
   Area for cell type $_NOR_ is unknown!
   Area for cell type $_OR_ is unknown!
   Area for cell type $_XNOR_ is unknown!
   Area for cell type $_XOR_ is unknown!

   Chip area for module '\f_load_binary': 2939.328000
     of which used for sequential elements: 2939.328000 (100.00%)

