+ analyze_power_grid -net VPWR -voltage_file /home/dhesse/heichips26_noise_gen/macros/heichips26_digital_project/flow/librelane/runs/RUN_2026-10-01_22-46-20/56-openroad-irdropreport/net-VPWR.csv
[INFO PSM-0040] All shapes on net VPWR are connected.
########## IR report #################
Net              : VPWR
Corner           : nom_typ_1p20V_25C
Total power      : 6.04e-06 W
Supply voltage   : 1.20e+00 V
Worstcase voltage: 1.20e+00 V
Average voltage  : 1.20e+00 V
Average IR drop  : 3.16e-06 V
Worstcase IR drop: 2.11e-05 V
Percentage drop  : 0.00 %
######################################
+ analyze_power_grid -net VGND -voltage_file /home/dhesse/heichips26_noise_gen/macros/heichips26_digital_project/flow/librelane/runs/RUN_2026-10-01_22-46-20/56-openroad-irdropreport/net-VGND.csv
[INFO PSM-0040] All shapes on net VGND are connected.
########## IR report #################
Net              : VGND
Corner           : nom_typ_1p20V_25C
Total power      : 6.04e-06 W
Supply voltage   : 0.00e+00 V
Worstcase voltage: 1.51e-05 V
Average voltage  : 2.39e-06 V
Average IR drop  : 2.39e-06 V
Worstcase IR drop: 1.51e-05 V
Percentage drop  : 0.00 %
######################################
