
===========================================================================
 report_power
============================================================================
======================= nom_fast_1p32V_m40C Corner ===================================

Group                    Internal    Switching      Leakage        Total
                            Power        Power        Power        Power (Watts)
------------------------------------------------------------------------
Sequential           0.000000e+00 0.000000e+00 0.000000e+00 0.000000e+00   0.0%
Combinational        1.505101e-06 5.232942e-06 2.317625e-08 6.761220e-06  75.8%
Clock                0.000000e+00 0.000000e+00 2.160330e-06 2.160330e-06  24.2%
Macro                0.000000e+00 0.000000e+00 0.000000e+00 0.000000e+00   0.0%
Pad                  0.000000e+00 0.000000e+00 0.000000e+00 0.000000e+00   0.0%
------------------------------------------------------------------------
Total                1.505101e-06 5.232942e-06 2.183506e-06 8.921550e-06 100.0%
                            16.9%        58.7%        24.5%

