
===========================================================================
 report_power
============================================================================
======================= nom_slow_1p08V_125C Corner ===================================

Group                    Internal    Switching      Leakage        Total
                            Power        Power        Power        Power (Watts)
------------------------------------------------------------------------
Sequential           0.000000e+00 0.000000e+00 0.000000e+00 0.000000e+00   0.0%
Combinational        9.624913e-07 3.391147e-06 3.039830e-08 4.384037e-06  96.8%
Clock                0.000000e+00 0.000000e+00 1.451193e-07 1.451193e-07   3.2%
Macro                0.000000e+00 0.000000e+00 0.000000e+00 0.000000e+00   0.0%
Pad                  0.000000e+00 0.000000e+00 0.000000e+00 0.000000e+00   0.0%
------------------------------------------------------------------------
Total                9.624913e-07 3.391147e-06 1.755178e-07 4.529156e-06 100.0%
                            21.3%        74.9%         3.9%

