
===========================================================================
 report_power
============================================================================
======================= nom_typ_1p20V_25C Corner ===================================

Group                    Internal    Switching      Leakage        Total
                            Power        Power        Power        Power (Watts)
------------------------------------------------------------------------
Sequential           0.000000e+00 0.000000e+00 0.000000e+00 0.000000e+00   0.0%
Combinational        1.201881e-06 4.248926e-06 8.725938e-09 5.459533e-06  90.4%
Clock                0.000000e+00 0.000000e+00 5.819334e-07 5.819334e-07   9.6%
Macro                0.000000e+00 0.000000e+00 0.000000e+00 0.000000e+00   0.0%
Pad                  0.000000e+00 0.000000e+00 0.000000e+00 0.000000e+00   0.0%
------------------------------------------------------------------------
Total                1.201881e-06 4.248926e-06 5.906602e-07 6.041467e-06 100.0%
                            19.9%        70.3%         9.8%

