+ analyze_power_grid -net VPWR -voltage_file /home/dhesse/heichips26_noise_gen/macros/heichips26_digital_project/macros/config_ro/flow/librelane/runs/RUN_2026-08-07_15-01-37/56-openroad-irdropreport/net-VPWR.csv
[INFO PSM-0040] All shapes on net VPWR are connected.
########## IR report #################
Net              : VPWR
Corner           : nom_typ_1p20V_25C
Total power      : 2.80e-04 W
Supply voltage   : 1.20e+00 V
Worstcase voltage: 1.20e+00 V
Average voltage  : 1.20e+00 V
Average IR drop  : 6.71e-05 V
Worstcase IR drop: 1.49e-04 V
Percentage drop  : 0.01 %
######################################
+ analyze_power_grid -net VGND -voltage_file /home/dhesse/heichips26_noise_gen/macros/heichips26_digital_project/macros/config_ro/flow/librelane/runs/RUN_2026-08-07_15-01-37/56-openroad-irdropreport/net-VGND.csv
[INFO PSM-0040] All shapes on net VGND are connected.
########## IR report #################
Net              : VGND
Corner           : nom_typ_1p20V_25C
Total power      : 2.80e-04 W
Supply voltage   : 0.00e+00 V
Worstcase voltage: 1.48e-04 V
Average voltage  : 6.09e-05 V
Average IR drop  : 6.09e-05 V
Worstcase IR drop: 1.48e-04 V
Percentage drop  : 0.01 %
######################################
