
===========================================================================
 report_power
============================================================================
======================= nom_typ_1p20V_25C Corner ===================================

Group                    Internal    Switching      Leakage        Total
                            Power        Power        Power        Power (Watts)
------------------------------------------------------------------------
Sequential           0.000000e+00 0.000000e+00 0.000000e+00 0.000000e+00   0.0%
Combinational        9.567288e-05 1.843213e-04 3.120110e-07 2.803062e-04 100.0%
Clock                0.000000e+00 0.000000e+00 1.202612e-07 1.202612e-07   0.0%
Macro                0.000000e+00 0.000000e+00 0.000000e+00 0.000000e+00   0.0%
Pad                  0.000000e+00 0.000000e+00 0.000000e+00 0.000000e+00   0.0%
------------------------------------------------------------------------
Total                9.567288e-05 1.843213e-04 4.322722e-07 2.804264e-04 100.0%
                            34.1%        65.7%         0.2%

