106. Printing statistics.

=== config_ro ===

        +----------Local Count, excluding submodules.
        |        +-Local Area, excluding submodules.
        |        | 
      715        - wires
      718        - wire bits
      690        - public wires
      693        - public wire bits
        3        - ports
        6        - port bits
      713 1.17E+04 cells
        1   14.515   sg13cmos5l_a21oi_2
       35  190.512   sg13cmos5l_inv_1
       17  586.051   sg13cmos5l_inv_16
       34  246.758   sg13cmos5l_inv_2
       34  370.138   sg13cmos5l_inv_4
      547 9.92E+03   sg13cmos5l_inv_8
        1   18.144   sg13cmos5l_mux2_1
        1   19.958   sg13cmos5l_mux2_2
       19  137.894   sg13cmos5l_nand2_1
        2   14.515   sg13cmos5l_nor2_1
        3   27.216   sg13cmos5l_nor2b_1
        1    16.33   sg13cmos5l_nor3_2
        1   14.515   sg13cmos5l_or4_1
       17  123.379   sg13cmos5l_tielo

   Chip area for module '\config_ro': 11704.694400
     of which used for sequential elements: 0.000000 (0.00%)

