92. Printing statistics.

=== config_ro ===

        +----------Local Count, excluding submodules.
        |        +-Local Area, excluding submodules.
        |        | 
      191        - wires
      706        - wire bits
      191        - public wires
      706        - public wire bits
        3        - ports
        6        - port bits
      688 1.14E+04 cells
        1        -   $_AND_
        4        -   $_MUX_
       34  185.069   sg13cmos5l_inv_1
       17  586.051   sg13cmos5l_inv_16
       34  246.758   sg13cmos5l_inv_2
       34  370.138   sg13cmos5l_inv_4
      547 9.92E+03   sg13cmos5l_inv_8
       17  123.379   sg13cmos5l_nand2_1

   Area for cell type $_AND_ is unknown!
   Area for cell type $_MUX_ is unknown!

   Chip area for module '\config_ro': 11436.163200
     of which used for sequential elements: 0.000000 (0.00%)

