
===========================================================================
 report_power
============================================================================
======================= nom_typ_1p20V_25C Corner ===================================

Group                    Internal    Switching      Leakage        Total
                            Power        Power        Power        Power (Watts)
------------------------------------------------------------------------
Sequential           0.000000e+00 0.000000e+00 0.000000e+00 0.000000e+00   0.0%
Combinational        2.594590e-05 4.666857e-05 1.286331e-07 7.274310e-05  99.9%
Clock                0.000000e+00 0.000000e+00 1.044376e-07 1.044376e-07   0.1%
Macro                0.000000e+00 0.000000e+00 0.000000e+00 0.000000e+00   0.0%
Pad                  0.000000e+00 0.000000e+00 0.000000e+00 0.000000e+00   0.0%
------------------------------------------------------------------------
Total                2.594590e-05 4.666857e-05 2.330705e-07 7.284754e-05 100.0%
                            35.6%        64.1%         0.3%

