103. Printing statistics.

=== e_load_uniform ===

        +----------Local Count, excluding submodules.
        |        +-Local Area, excluding submodules.
        |        | 
      154        - wires
      168        - wire bits
      146        - public wires
      160        - public wire bits
        2        - ports
       16        - port bits
      152 4.27E+03 cells
        8   72.576   sg13cmos5l_and2_1
        8   43.546   sg13cmos5l_inv_1
      112 3.86E+03   sg13cmos5l_inv_16
        8   58.061   sg13cmos5l_inv_2
        8   87.091   sg13cmos5l_inv_4
        8  145.152   sg13cmos5l_inv_8

   Chip area for module '\e_load_uniform': 4267.468800
     of which used for sequential elements: 0.000000 (0.00%)

