
Cell sg13cmos5l_inv_4 (0) disconnected node: Y
Cell sg13cmos5l_inv_4 (0) disconnected node: A
Cell sg13cmos5l_inv_4 (0) disconnected node: VDD
Cell sg13cmos5l_inv_4 (0) disconnected node: VSS

Subcircuit pins:
Circuit 1: sg13cmos5l_inv_4                |Circuit 2: sg13cmos5l_inv_4                
-------------------------------------------|-------------------------------------------
Y                                          |Y                                          
A                                          |A                                          
VDD                                        |VDD                                        
VSS                                        |VSS                                        
---------------------------------------------------------------------------------------
Cell pin lists are equivalent.
Device classes sg13cmos5l_inv_4 and sg13cmos5l_inv_4 are equivalent.

Cell sg13cmos5l_decap_4 (0) disconnected node: VDD
Cell sg13cmos5l_decap_4 (0) disconnected node: VSS

Subcircuit pins:
Circuit 1: sg13cmos5l_decap_4              |Circuit 2: sg13cmos5l_decap_4              
-------------------------------------------|-------------------------------------------
VDD                                        |VDD                                        
VSS                                        |VSS                                        
---------------------------------------------------------------------------------------
Cell pin lists are equivalent.
Device classes sg13cmos5l_decap_4 and sg13cmos5l_decap_4 are equivalent.

Cell sg13cmos5l_inv_1 (0) disconnected node: Y
Cell sg13cmos5l_inv_1 (0) disconnected node: A
Cell sg13cmos5l_inv_1 (0) disconnected node: VDD
Cell sg13cmos5l_inv_1 (0) disconnected node: VSS

Subcircuit pins:
Circuit 1: sg13cmos5l_inv_1                |Circuit 2: sg13cmos5l_inv_1                
-------------------------------------------|-------------------------------------------
Y                                          |Y                                          
A                                          |A                                          
VDD                                        |VDD                                        
VSS                                        |VSS                                        
---------------------------------------------------------------------------------------
Cell pin lists are equivalent.
Device classes sg13cmos5l_inv_1 and sg13cmos5l_inv_1 are equivalent.

Cell sg13cmos5l_fill_2 (0) disconnected node: VDD
Cell sg13cmos5l_fill_2 (0) disconnected node: VSS
Cell sg13cmos5l_fill_2 (1) disconnected node: VDD
Cell sg13cmos5l_fill_2 (1) disconnected node: VSS

Subcircuit pins:
Circuit 1: sg13cmos5l_fill_2               |Circuit 2: sg13cmos5l_fill_2               
-------------------------------------------|-------------------------------------------
VDD                                        |VDD                                        
VSS                                        |VSS                                        
---------------------------------------------------------------------------------------
Cell pin lists are equivalent.
Device classes sg13cmos5l_fill_2 and sg13cmos5l_fill_2 are equivalent.

Cell sg13cmos5l_decap_8 (0) disconnected node: VDD
Cell sg13cmos5l_decap_8 (0) disconnected node: VSS

Subcircuit pins:
Circuit 1: sg13cmos5l_decap_8              |Circuit 2: sg13cmos5l_decap_8              
-------------------------------------------|-------------------------------------------
VDD                                        |VDD                                        
VSS                                        |VSS                                        
---------------------------------------------------------------------------------------
Cell pin lists are equivalent.
Device classes sg13cmos5l_decap_8 and sg13cmos5l_decap_8 are equivalent.

Cell sg13cmos5l_xnor2_1 (0) disconnected node: Y
Cell sg13cmos5l_xnor2_1 (0) disconnected node: A
Cell sg13cmos5l_xnor2_1 (0) disconnected node: B
Cell sg13cmos5l_xnor2_1 (0) disconnected node: VDD
Cell sg13cmos5l_xnor2_1 (0) disconnected node: VSS

Subcircuit pins:
Circuit 1: sg13cmos5l_xnor2_1              |Circuit 2: sg13cmos5l_xnor2_1              
-------------------------------------------|-------------------------------------------
Y                                          |Y                                          
A                                          |A                                          
B                                          |B                                          
VDD                                        |VDD                                        
VSS                                        |VSS                                        
---------------------------------------------------------------------------------------
Cell pin lists are equivalent.
Device classes sg13cmos5l_xnor2_1 and sg13cmos5l_xnor2_1 are equivalent.

Cell sg13cmos5l_inv_2 (0) disconnected node: Y
Cell sg13cmos5l_inv_2 (0) disconnected node: A
Cell sg13cmos5l_inv_2 (0) disconnected node: VDD
Cell sg13cmos5l_inv_2 (0) disconnected node: VSS

Subcircuit pins:
Circuit 1: sg13cmos5l_inv_2                |Circuit 2: sg13cmos5l_inv_2                
-------------------------------------------|-------------------------------------------
Y                                          |Y                                          
A                                          |A                                          
VDD                                        |VDD                                        
VSS                                        |VSS                                        
---------------------------------------------------------------------------------------
Cell pin lists are equivalent.
Device classes sg13cmos5l_inv_2 and sg13cmos5l_inv_2 are equivalent.

Cell sg13cmos5l_fill_1 (0) disconnected node: VDD
Cell sg13cmos5l_fill_1 (0) disconnected node: VSS
Cell sg13cmos5l_fill_1 (1) disconnected node: VDD
Cell sg13cmos5l_fill_1 (1) disconnected node: VSS

Subcircuit pins:
Circuit 1: sg13cmos5l_fill_1               |Circuit 2: sg13cmos5l_fill_1               
-------------------------------------------|-------------------------------------------
VDD                                        |VDD                                        
VSS                                        |VSS                                        
---------------------------------------------------------------------------------------
Cell pin lists are equivalent.
Device classes sg13cmos5l_fill_1 and sg13cmos5l_fill_1 are equivalent.

Cell sg13cmos5l_inv_16 (0) disconnected node: Y
Cell sg13cmos5l_inv_16 (0) disconnected node: A
Cell sg13cmos5l_inv_16 (0) disconnected node: VDD
Cell sg13cmos5l_inv_16 (0) disconnected node: VSS

Subcircuit pins:
Circuit 1: sg13cmos5l_inv_16               |Circuit 2: sg13cmos5l_inv_16               
-------------------------------------------|-------------------------------------------
Y                                          |Y                                          
A                                          |A                                          
VDD                                        |VDD                                        
VSS                                        |VSS                                        
---------------------------------------------------------------------------------------
Cell pin lists are equivalent.
Device classes sg13cmos5l_inv_16 and sg13cmos5l_inv_16 are equivalent.

Cell sg13cmos5l_buf_4 (0) disconnected node: X
Cell sg13cmos5l_buf_4 (0) disconnected node: A
Cell sg13cmos5l_buf_4 (0) disconnected node: VDD
Cell sg13cmos5l_buf_4 (0) disconnected node: VSS

Subcircuit pins:
Circuit 1: sg13cmos5l_buf_4                |Circuit 2: sg13cmos5l_buf_4                
-------------------------------------------|-------------------------------------------
X                                          |X                                          
A                                          |A                                          
VDD                                        |VDD                                        
VSS                                        |VSS                                        
---------------------------------------------------------------------------------------
Cell pin lists are equivalent.
Device classes sg13cmos5l_buf_4 and sg13cmos5l_buf_4 are equivalent.

Cell sg13cmos5l_inv_8 (0) disconnected node: Y
Cell sg13cmos5l_inv_8 (0) disconnected node: A
Cell sg13cmos5l_inv_8 (0) disconnected node: VDD
Cell sg13cmos5l_inv_8 (0) disconnected node: VSS

Subcircuit pins:
Circuit 1: sg13cmos5l_inv_8                |Circuit 2: sg13cmos5l_inv_8                
-------------------------------------------|-------------------------------------------
Y                                          |Y                                          
A                                          |A                                          
VDD                                        |VDD                                        
VSS                                        |VSS                                        
---------------------------------------------------------------------------------------
Cell pin lists are equivalent.
Device classes sg13cmos5l_inv_8 and sg13cmos5l_inv_8 are equivalent.

Cell sg13cmos5l_dlygate4sd3_1 (0) disconnected node: X
Cell sg13cmos5l_dlygate4sd3_1 (0) disconnected node: A
Cell sg13cmos5l_dlygate4sd3_1 (0) disconnected node: VDD
Cell sg13cmos5l_dlygate4sd3_1 (0) disconnected node: VSS

Subcircuit pins:
Circuit 1: sg13cmos5l_dlygate4sd3_1        |Circuit 2: sg13cmos5l_dlygate4sd3_1        
-------------------------------------------|-------------------------------------------
X                                          |X                                          
A                                          |A                                          
VDD                                        |VDD                                        
VSS                                        |VSS                                        
---------------------------------------------------------------------------------------
Cell pin lists are equivalent.
Device classes sg13cmos5l_dlygate4sd3_1 and sg13cmos5l_dlygate4sd3_1 are equivalent.

Cell sg13cmos5l_and2_1 (0) disconnected node: X
Cell sg13cmos5l_and2_1 (0) disconnected node: A
Cell sg13cmos5l_and2_1 (0) disconnected node: B
Cell sg13cmos5l_and2_1 (0) disconnected node: VDD
Cell sg13cmos5l_and2_1 (0) disconnected node: VSS

Subcircuit pins:
Circuit 1: sg13cmos5l_and2_1               |Circuit 2: sg13cmos5l_and2_1               
-------------------------------------------|-------------------------------------------
X                                          |X                                          
A                                          |A                                          
B                                          |B                                          
VDD                                        |VDD                                        
VSS                                        |VSS                                        
---------------------------------------------------------------------------------------
Cell pin lists are equivalent.
Device classes sg13cmos5l_and2_1 and sg13cmos5l_and2_1 are equivalent.

Cell sg13cmos5l_buf_1 (0) disconnected node: X
Cell sg13cmos5l_buf_1 (0) disconnected node: A
Cell sg13cmos5l_buf_1 (0) disconnected node: VDD
Cell sg13cmos5l_buf_1 (0) disconnected node: VSS

Subcircuit pins:
Circuit 1: sg13cmos5l_buf_1                |Circuit 2: sg13cmos5l_buf_1                
-------------------------------------------|-------------------------------------------
X                                          |X                                          
A                                          |A                                          
VDD                                        |VDD                                        
VSS                                        |VSS                                        
---------------------------------------------------------------------------------------
Cell pin lists are equivalent.
Device classes sg13cmos5l_buf_1 and sg13cmos5l_buf_1 are equivalent.

Class g_glitch (0):  Merged 122 parallel devices.
Class g_glitch (1):  Merged 122 parallel devices.
Subcircuit summary:
Circuit 1: g_glitch                        |Circuit 2: g_glitch                        
-------------------------------------------|-------------------------------------------
sg13cmos5l_inv_4 (9)                       |sg13cmos5l_inv_4 (9)                       
sg13cmos5l_decap_4 (16->1)                 |sg13cmos5l_decap_4 (16->1)                 
sg13cmos5l_inv_1 (9)                       |sg13cmos5l_inv_1 (9)                       
sg13cmos5l_fill_2 (26->1)                  |sg13cmos5l_fill_2 (26->1)                  
sg13cmos5l_decap_8 (46->1)                 |sg13cmos5l_decap_8 (46->1)                 
sg13cmos5l_xnor2_1 (7)                     |sg13cmos5l_xnor2_1 (7)                     
sg13cmos5l_inv_2 (8)                       |sg13cmos5l_inv_2 (8)                       
sg13cmos5l_fill_1 (38->1)                  |sg13cmos5l_fill_1 (38->1)                  
sg13cmos5l_inv_16 (32)                     |sg13cmos5l_inv_16 (32)                     
sg13cmos5l_buf_4 (1)                       |sg13cmos5l_buf_4 (1)                       
sg13cmos5l_inv_8 (8)                       |sg13cmos5l_inv_8 (8)                       
sg13cmos5l_dlygate4sd3_1 (7)               |sg13cmos5l_dlygate4sd3_1 (7)               
sg13cmos5l_and2_1 (8)                      |sg13cmos5l_and2_1 (8)                      
sg13cmos5l_buf_1 (9)                       |sg13cmos5l_buf_1 (9)                       
Number of devices: 102                     |Number of devices: 102                     
Number of nets: 109                        |Number of nets: 109                        
---------------------------------------------------------------------------------------
Resolving symmetries by property value.
Resolving symmetries by pin name.
Netlists match uniquely.

Subcircuit pins:
Circuit 1: g_glitch                        |Circuit 2: g_glitch                        
-------------------------------------------|-------------------------------------------
osc                                        |osc                                        
en[7]                                      |en[7]                                      
en[6]                                      |en[6]                                      
en[5]                                      |en[5]                                      
en[4]                                      |en[4]                                      
en[3]                                      |en[3]                                      
en[2]                                      |en[2]                                      
en[1]                                      |en[1]                                      
en[0]                                      |en[0]                                      
VPWR                                       |VPWR                                       
VGND                                       |VGND                                       
---------------------------------------------------------------------------------------
Cell pin lists are equivalent.
Device classes g_glitch and g_glitch are equivalent.

Final result: Circuits match uniquely.
.
