
===========================================================================
 report_power
============================================================================
======================= nom_slow_1p08V_125C Corner ===================================

Group                    Internal    Switching      Leakage        Total
                            Power        Power        Power        Power (Watts)
------------------------------------------------------------------------
Sequential           0.000000e+00 0.000000e+00 0.000000e+00 0.000000e+00   0.0%
Combinational        3.567321e-05 5.468632e-05 2.288224e-07 9.058834e-05 100.0%
Clock                0.000000e+00 0.000000e+00 1.065413e-08 1.065413e-08   0.0%
Macro                0.000000e+00 0.000000e+00 0.000000e+00 0.000000e+00   0.0%
Pad                  0.000000e+00 0.000000e+00 0.000000e+00 0.000000e+00   0.0%
------------------------------------------------------------------------
Total                3.567321e-05 5.468632e-05 2.394765e-07 9.059899e-05 100.0%
                            39.4%        60.4%         0.3%

