
===========================================================================
 report_power
============================================================================
======================= nom_typ_1p20V_25C Corner ===================================

Group                    Internal    Switching      Leakage        Total
                            Power        Power        Power        Power (Watts)
------------------------------------------------------------------------
Sequential           0.000000e+00 0.000000e+00 0.000000e+00 0.000000e+00   0.0%
Combinational        4.363483e-05 7.280827e-05 4.709598e-08 1.164902e-04 100.0%
Clock                0.000000e+00 0.000000e+00 4.272453e-08 4.272453e-08   0.0%
Macro                0.000000e+00 0.000000e+00 0.000000e+00 0.000000e+00   0.0%
Pad                  0.000000e+00 0.000000e+00 0.000000e+00 0.000000e+00   0.0%
------------------------------------------------------------------------
Total                4.363483e-05 7.280827e-05 8.982051e-08 1.165329e-04 100.0%
                            37.4%        62.5%         0.1%

