
===========================================================================
 report_power
============================================================================
======================= nom_slow_1p08V_125C Corner ===================================

Group                    Internal    Switching      Leakage        Total
                            Power        Power        Power        Power (Watts)
------------------------------------------------------------------------
Sequential           0.000000e+00 0.000000e+00 0.000000e+00 0.000000e+00   0.0%
Combinational        4.607566e-08 2.448887e-08 1.454788e-08 8.511242e-08  53.0%
Clock                0.000000e+00 0.000000e+00 7.536902e-08 7.536902e-08  47.0%
Macro                0.000000e+00 0.000000e+00 0.000000e+00 0.000000e+00   0.0%
Pad                  0.000000e+00 0.000000e+00 0.000000e+00 0.000000e+00   0.0%
------------------------------------------------------------------------
Total                4.607566e-08 2.448887e-08 8.991690e-08 1.604814e-07 100.0%
                            28.7%        15.3%        56.0%

