
===========================================================================
 report_power
============================================================================
======================= nom_typ_1p20V_25C Corner ===================================

Group                    Internal    Switching      Leakage        Total
                            Power        Power        Power        Power (Watts)
------------------------------------------------------------------------
Sequential           0.000000e+00 0.000000e+00 0.000000e+00 0.000000e+00   0.0%
Combinational        5.724038e-08 3.157295e-08 4.194255e-09 9.300759e-08  23.5%
Clock                0.000000e+00 0.000000e+00 3.022387e-07 3.022387e-07  76.5%
Macro                0.000000e+00 0.000000e+00 0.000000e+00 0.000000e+00   0.0%
Pad                  0.000000e+00 0.000000e+00 0.000000e+00 0.000000e+00   0.0%
------------------------------------------------------------------------
Total                5.724038e-08 3.157295e-08 3.064329e-07 3.952463e-07 100.0%
                            14.5%         8.0%        77.5%

