+ analyze_power_grid -net VPWR -voltage_file /home/dhesse/heichips26_noise_gen/macros/heichips26_digital_project/macros/a_ro/flow/librelane/runs/RUN_2026-10-01_22-05-27/56-openroad-irdropreport/net-VPWR.csv
[INFO PSM-0040] All shapes on net VPWR are connected.
########## IR report #################
Net              : VPWR
Corner           : nom_typ_1p20V_25C
Total power      : 1.29e-05 W
Supply voltage   : 1.20e+00 V
Worstcase voltage: 1.20e+00 V
Average voltage  : 1.20e+00 V
Average IR drop  : 5.01e-06 V
Worstcase IR drop: 2.09e-05 V
Percentage drop  : 0.00 %
######################################
+ analyze_power_grid -net VGND -voltage_file /home/dhesse/heichips26_noise_gen/macros/heichips26_digital_project/macros/a_ro/flow/librelane/runs/RUN_2026-10-01_22-05-27/56-openroad-irdropreport/net-VGND.csv
[INFO PSM-0040] All shapes on net VGND are connected.
########## IR report #################
Net              : VGND
Corner           : nom_typ_1p20V_25C
Total power      : 1.29e-05 W
Supply voltage   : 0.00e+00 V
Worstcase voltage: 2.13e-05 V
Average voltage  : 4.54e-06 V
Average IR drop  : 4.54e-06 V
Worstcase IR drop: 2.13e-05 V
Percentage drop  : 0.00 %
######################################
