
===========================================================================
 report_power
============================================================================
======================= nom_slow_1p08V_125C Corner ===================================

Group                    Internal    Switching      Leakage        Total
                            Power        Power        Power        Power (Watts)
------------------------------------------------------------------------
Sequential           0.000000e+00 0.000000e+00 0.000000e+00 0.000000e+00   0.0%
Combinational        6.183557e-06 3.530427e-06 3.838484e-07 1.009783e-05  99.9%
Clock                0.000000e+00 0.000000e+00 1.351447e-08 1.351447e-08   0.1%
Macro                0.000000e+00 0.000000e+00 0.000000e+00 0.000000e+00   0.0%
Pad                  0.000000e+00 0.000000e+00 0.000000e+00 0.000000e+00   0.0%
------------------------------------------------------------------------
Total                6.183557e-06 3.530427e-06 3.973626e-07 1.011135e-05 100.0%
                            61.2%        34.9%         3.9%

