
===========================================================================
 report_power
============================================================================
======================= nom_typ_1p20V_25C Corner ===================================

Group                    Internal    Switching      Leakage        Total
                            Power        Power        Power        Power (Watts)
------------------------------------------------------------------------
Sequential           0.000000e+00 0.000000e+00 0.000000e+00 0.000000e+00   0.0%
Combinational        8.211038e-06 4.539360e-06 7.734256e-08 1.282774e-05  99.6%
Clock                0.000000e+00 0.000000e+00 5.419633e-08 5.419633e-08   0.4%
Macro                0.000000e+00 0.000000e+00 0.000000e+00 0.000000e+00   0.0%
Pad                  0.000000e+00 0.000000e+00 0.000000e+00 0.000000e+00   0.0%
------------------------------------------------------------------------
Total                8.211038e-06 4.539360e-06 1.315370e-07 1.288194e-05 100.0%
                            63.7%        35.2%         1.0%

