103. Printing statistics.

=== a_ro ===

        +----------Local Count, excluding submodules.
        |        +-Local Area, excluding submodules.
        |        | 
     1053        - wires
     1065        - wire bits
     1015        - public wires
     1027        - public wire bits
        4        - ports
       16        - port bits
     1058 6.45E+03 cells
        1   12.701   sg13cmos5l_a21o_1
        2   18.144   sg13cmos5l_a21oi_1
        1   10.849   sg13cmos5l_a22oi_1
        8   58.061   sg13cmos5l_buf_1
     1013 5.51E+03   sg13cmos5l_inv_1
        5    90.72   sg13cmos5l_mux2_1
       17  647.741   sg13cmos5l_mux4_1
        2   14.515   sg13cmos5l_nand2_1
        2   14.515   sg13cmos5l_nor2_1
        1    9.072   sg13cmos5l_nor2b_1
        3   27.216   sg13cmos5l_nor3_1
        1   10.886   sg13cmos5l_nor4_1
        1    9.072   sg13cmos5l_o21ai_1
        1    9.072   sg13cmos5l_or2_1

   Chip area for module '\a_ro': 6446.525400
     of which used for sequential elements: 0.000000 (0.00%)

