
===========================================================================
 report_power
============================================================================
======================= nom_typ_1p20V_25C Corner ===================================

Group                    Internal    Switching      Leakage        Total
                            Power        Power        Power        Power (Watts)
------------------------------------------------------------------------
Sequential           9.314984e-07 0.000000e+00 1.642335e-09 9.331408e-07  11.8%
Combinational        3.589008e-06 3.206311e-06 1.810476e-08 6.813424e-06  86.1%
Clock                0.000000e+00 0.000000e+00 1.641733e-07 1.641733e-07   2.1%
Macro                0.000000e+00 0.000000e+00 0.000000e+00 0.000000e+00   0.0%
Pad                  0.000000e+00 0.000000e+00 0.000000e+00 0.000000e+00   0.0%
------------------------------------------------------------------------
Total                4.520506e-06 3.206311e-06 1.839204e-07 7.910739e-06 100.0%
                            57.1%        40.5%         2.3%

