
===========================================================================
 report_power
============================================================================
======================= nom_fast_1p32V_m40C Corner ===================================

Group                    Internal    Switching      Leakage        Total
                            Power        Power        Power        Power (Watts)
------------------------------------------------------------------------
Sequential           1.136403e-06 0.000000e+00 3.455662e-09 1.139859e-06  11.8%
Combinational        3.772161e-06 4.084480e-06 3.918703e-08 7.895828e-06  81.9%
Clock                0.000000e+00 0.000000e+00 6.094760e-07 6.094760e-07   6.3%
Macro                0.000000e+00 0.000000e+00 0.000000e+00 0.000000e+00   0.0%
Pad                  0.000000e+00 0.000000e+00 0.000000e+00 0.000000e+00   0.0%
------------------------------------------------------------------------
Total                4.908564e-06 4.084480e-06 6.521152e-07 9.645159e-06 100.0%
                            50.9%        42.3%         6.8%

