89. Printing statistics.

=== d_ro_tapped ===

        +----------Local Count, excluding submodules.
        |        +-Local Area, excluding submodules.
        |        | 
       41        - wires
      188        - wire bits
        7        - public wires
      154        - public wire bits
        4        - ports
        9        - port bits
      179  914.458 cells
        2        -   $_ANDNOT_
       34        -   $_MUX_
        1        -   $_NOT_
        3  157.853   sg13cmos5l_dfrbp_1
      139  756.605   sg13cmos5l_inv_1

   Area for cell type $_ANDNOT_ is unknown!
   Area for cell type $_MUX_ is unknown!
   Area for cell type $_NOT_ is unknown!

   Chip area for module '\d_ro_tapped': 914.457600
     of which used for sequential elements: 157.852800 (17.26%)

